Install
===============

仮想環境作成
------

仮想環境作成

    $ python -m venv env

仮想環境モードになる

    MacOSの場合
    $ source env/bin/activate
    Windowsの場合
    c:¥> env¥Scripts¥activate.bat

pipをアップグレード

    (env) $ python -m pip install --upgrade pip

ライブラリをまとめてインストール

    (env) $ pip install -r requirements\requirements.txt

インストール済みパッケージを確認
    (env) $ pip freeze

Windowsの場合「sqlite3のエラー」が出る場合に、sqlite3.dllがぶつかって場合がある

    (env) $ ren venv\Scripts\sqlite3.dll venv\Scripts\000.sqlite3.dll

データベース
------

データベース作成

    # データベース削除
    $ dropdb -U postgres brownbagdb

    # データベース作成
    $ createdb -E utf8 -O postgres -U postgres brownbagdb
      or
    $ createdb -U postgres -E UTF-8 brownbagdb

    # データベース拡張インストール
    $ psql -U postgres -d brownbagdb -c "CREATE EXTENSION postgis;"

    # データベース拡張を確認
    $ psql -U postgres -d brownbagdb -c "select * from pg_available_extensions;"

    # コマンドモード
    $ psql -U postgres -d brownbagdb

データベース初期化

    (env) $ python manage.py makemigrations
    (env) $ python manage.py migrate

ユーザ登録

    (env) $ python manage.py createsuperuser

### Setup

```
$ python -m venv .brownbag
$ .brownbag\Scripts\activate
$ python -m pip install --upgrade pip
```

```
$ pip install -r requirements.txt

$ pip install Django
$ pip install djangorestframework
$ pip install django-filter
$ pip install django-bootstrap-form
$ pip install dj-database-url
$ pip install django-extensions
$ pip install django-environ
$ pip install gunicorn

$ pip freeze > requirements.txt

$ django-admin.exe startproject config  .

$ python manage.py migrate

$ python manage.py startapp brownbags

$ python manage.py makemigrations brownbags
$ python manage.py migrate brownbags

$ python manage.py createsuperuser

```

### AUTH_USER_MODEL

カスタムユーザモデルの定義は絶対にしよう！(AUTH_USER_MODEL)
* [DjangoでUserモデルのカスタマイズ ](https://narito.ninja/blog/detail/39/)
* [Django Userモデルへの参照方法（AUTH_USER_MODEL, get_user_modelの使い方）](https://djangobrothers.com/blogs/referencing_the_user_model/)

1.直接Userを参照する
2.AUTH_USER_MODELを参照する
3.get_user_model( )で呼び出す

```
$ python manage.py startapp accounts
```

### image-kit

### Failed I/O operation on closed file.
画像のCACHEがおかしい場合にエラーになる.  
原因はCACHEのサムネイル画像が存在しない時になる？

画像のCACHEを強制的に作りなおす。
(Failed I/O..が出たら何回もエラーが出なくなるまで繰り返す)
```
$ python manage.py generateimages --force
```
